With my recent changes the file compiles in 22seconds under -Xmx300M.
{noformat}
% time scalac3 -J-Xmx300M -J-verbose:gc a.scala
[GC 17024K->13399K(260032K), 0.0698662 secs]
[Full GC 21944K->18249K(260032K), 0.1036213 secs]
[GC 45897K->24947K(271936K), 0.0192243 secs]
[GC 52595K->28796K(271936K), 0.0156352 secs]
[GC 56444K->31064K(271936K), 0.0120158 secs]
[GC 58712K->33872K(271936K), 0.0160760 secs]
[GC 61520K->36801K(271936K), 0.0133286 secs]
[GC 64449K->39045K(271936K), 0.0098068 secs]
[GC 66693K->43670K(271936K), 0.0327679 secs]
[GC 71318K->46778K(271936K), 0.0137601 secs]
[GC 74426K->48989K(271936K), 0.0109443 secs]
[GC 76637K->51018K(271936K), 0.0123066 secs]
[GC 78666K->53701K(271936K), 0.0140921 secs]
[GC 81349K->59628K(271936K), 0.0194594 secs]
[GC 87276K->60782K(271936K), 0.0107000 secs]
[GC 88430K->64457K(271936K), 0.0190433 secs]
[GC 92105K->66932K(271936K), 0.0155716 secs]
[GC 94580K->69175K(271936K), 0.0167013 secs]
[GC 96823K->73381K(271936K), 0.0143805 secs]
[GC 101029K->75971K(271936K), 0.0150014 secs]
[GC 103619K->77512K(271936K), 0.0125115 secs]
[GC 105160K->80410K(271936K), 0.0151688 secs]
[GC 108058K->82557K(271936K), 0.0205118 secs]
[GC 110205K->85670K(271936K), 0.0236377 secs]
[GC 113318K->94926K(271936K), 0.0313057 secs]
[GC 122574K->96942K(271936K), 0.0203508 secs]
[GC 124590K->99780K(271936K), 0.0242918 secs]
[GC 127428K->101820K(271936K), 0.0167657 secs]
[GC 129468K->104249K(271936K), 0.0204765 secs]
[GC 131897K->107030K(271936K), 0.0228334 secs]
[GC 134678K->109662K(271936K), 0.0196178 secs]
[GC 137310K->109633K(271936K), 0.0151484 secs]
[GC 137281K->108814K(271936K), 0.0114973 secs]
[GC 136462K->109987K(271936K), 0.0070270 secs]
[GC 137635K->118735K(271936K), 0.0373273 secs]
[GC 146383K->123808K(271936K), 0.0304900 secs]
[GC 151456K->127058K(271936K), 0.0198233 secs]
[GC 127058K(271936K), 0.0039244 secs]
[GC 154706K->128571K(271936K), 0.0221874 secs]
[Full GC 134117K->113466K(271936K), 0.6854972 secs]

real	0m22.209s
user	0m42.609s
sys	0m1.033s
{noformat}
